SQL> SELECT '@' || KEYSET || '.' ||KEYNAME FROM CCADMIN_IDMAP where keyset='ED' order by KEYSET, KEYNAME;

'@'||KEYSET||'.'||KEYNAME                                                       
--------------------------------------------------------------------------------
@ED.ADQMCustomer                                                                
@ED.AbstractChannelStateManager                                                 
@ED.AbstractDocument                                                            
@ED.AbstractDuplicateChecker                                                    
@ED.AbstractFeedbackNotification                                                
@ED.AbstractRatingCalculator                                                    
@ED.AbstractState                                                               
@ED.AbstractStateMachine                                                        
@ED.AbstractWorkAuditorEvent                                                    
@ED.AccessControl                                                               
@ED.ActionCallCustomer                                                          

'@'||KEYSET||'.'||KEYNAME                                                       
--------------------------------------------------------------------------------
@ED.ActionCaseOwnerChanged                                                      
@ED.ActionComposeWhitemail                                                      
@ED.ActionDefinition                                                            
@ED.ActionEmail                                                                 
@ED.ActionEmailAttachmentED                                                     
@ED.ActionEmailED                                                               
@ED.ActionEmailFailedWorkItemED                                                 
@ED.ActionInstance                                                              
@ED.ActionInternalWorkItemConfig                                                
@ED.ActionProcessor                                                             
@ED.ActionSubcaseAction                                                         

'@'||KEYSET||'.'||KEYNAME                                                       
--------------------------------------------------------------------------------
@ED.ActionType                                                                  
@ED.ActionWorkItemED                                                            
@ED.ActionableDashboard                                                         
@ED.ActivityManager                                                             
@ED.ActivityStreamActivity                                                      
@ED.ActivityStreamComment                                                       
@ED.ActivityStreamEntityNameEntry                                               
@ED.ActivityStreamEvent                                                         
@ED.ActivityStreamNotification                                                  
@ED.Address                                                                     
@ED.AddressBookED                                                               

'@'||KEYSET||'.'||KEYNAME                                                       
--------------------------------------------------------------------------------
@ED.AddressBookEntryED                                                          
@ED.AddressBookTypeED                                                           
@ED.AddressType                                                                 
@ED.AddressValidatorInfo                                                        
@ED.Admin                                                                       
@ED.AgencyED                                                                    
@ED.Agent                                                                       
@ED.AgentAvailability                                                           
@ED.AgentChannel                                                                
@ED.AgentChannelConfig                                                          
@ED.AgentCountResult                                                            

'@'||KEYSET||'.'||KEYNAME                                                       
--------------------------------------------------------------------------------
@ED.AgentDailyReport                                                            
@ED.AgentSearchCriteria                                                         
@ED.AgentSearchResult                                                           
@ED.AgentSessionAudit                                                           
@ED.AgentStatus                                                                 
@ED.AgentStatusFactMonitor                                                      
@ED.AgentTempQueueAssignment                                                    
@ED.AlienWorkItemED                                                             
@ED.Annotation                                                                  
@ED.AnnotationCase                                                              
@ED.AnnotationRouting                                                           

'@'||KEYSET||'.'||KEYNAME                                                       
--------------------------------------------------------------------------------
@ED.Appeals                                                                     
@ED.Application                                                                 
@ED.Asset                                                                       
@ED.AssociatedAddressED                                                         
@ED.AssociatedContentDynamicEntityValue                                         
@ED.AssociatedEmailAddressED                                                    
@ED.AssociatedPhoneNumberED                                                     
@ED.AssociatedSocialUsername                                                    
@ED.Association                                                                 
@ED.AssociationType                                                             
@ED.AsynchronousServiceExecutor                                                 

'@'||KEYSET||'.'||KEYNAME                                                       
--------------------------------------------------------------------------------
@ED.AsynchronousSoapService                                                     
@ED.Attachment                                                                  
@ED.AttachmentContentField                                                      
@ED.AttributeConfig                                                             
@ED.AuditIntegration                                                            
@ED.AuthorableContentType                                                       
@ED.AuthoringActionWorkItem                                                     
@ED.AuthoringWorkflowStatus                                                     
@ED.AutoAssociation                                                             
@ED.AutoEntitlement                                                             
@ED.AutoSuggestData                                                             

'@'||KEYSET||'.'||KEYNAME                                                       
--------------------------------------------------------------------------------
@ED.AuxiliaryPanel                                                              
@ED.AvailabilityAllocationService                                               
@ED.BankHoliday                                                                 
@ED.BankHolidayDate                                                             
@ED.BannerED                                                                    
@ED.BaseAddress                                                                 
@ED.BaseCase                                                                    
@ED.BaseCompositeCase                                                           
@ED.BaseConditionBuilderManager                                                 
@ED.BaseConditionPlaceholder                                                    
@ED.BaseContactDetails                                                          

'@'||KEYSET||'.'||KEYNAME                                                       
--------------------------------------------------------------------------------
@ED.BaseCustomer                                                                
@ED.BaseDynamicEntity                                                           
@ED.BaseFrameworkBaseCase                                                       
@ED.BasePage                                                                    
@ED.BasePageSet                                                                 
@ED.BasePlaceholder                                                             
@ED.BasePlaceholderExpander                                                     
@ED.BasePopupText                                                               
@ED.BaseProperty                                                                
@ED.BaseReferenceInfo                                                           
@ED.BaseServiceParameterValidator                                               

'@'||KEYSET||'.'||KEYNAME                                                       
--------------------------------------------------------------------------------
@ED.BaseStreet                                                                  
@ED.BaseTemplate                                                                
@ED.BaseWebLink                                                                 
@ED.BasicEntity                                                                 
@ED.BatchOperation                                                              
@ED.BatchOperationController                                                    
@ED.BespokePopupTextED                                                          
@ED.BespokeReferenceInfoED                                                      
@ED.BespokeWebLinkED                                                            
@ED.BillingED                                                                   
@ED.Blend                                                                       

'@'||KEYSET||'.'||KEYNAME                                                       
--------------------------------------------------------------------------------
@ED.BooleanField                                                                
@ED.BooleanFieldProperties                                                      
@ED.BooleanHelperType                                                           
@ED.BooleanTypeCondition                                                        
@ED.BpsContact                                                                  
@ED.Breadcrumb                                                                  
@ED.BrowserTabHandler                                                           
@ED.ButtonComponent                                                             
@ED.ButtonTableComponent                                                        
@ED.CTIToolbar                                                                  
@ED.CalculationField                                                            

'@'||KEYSET||'.'||KEYNAME                                                       
--------------------------------------------------------------------------------
@ED.CalculationFieldProperties                                                  
@ED.Callback                                                                    
@ED.CallbackConfig                                                              
@ED.CallbackDelReason                                                           
@ED.CallbackRequest                                                             
@ED.CallbackSearch                                                              
@ED.CallbackSearchCriteria                                                      
@ED.CallbackSearchResult                                                        
@ED.CampaignCallback                                                            
@ED.CampaignCallbackSearch                                                      
@ED.CampaignCallbackSearchCriteria                                              

'@'||KEYSET||'.'||KEYNAME                                                       
--------------------------------------------------------------------------------
@ED.CampaignCallbackSearchResult                                                
@ED.CampaignConfig                                                              
@ED.CampaignContactSearch                                                       
@ED.CampaignInteraction                                                         
@ED.CampaignOutcome                                                             
@ED.CampaignRecord                                                              
@ED.CampaignStateManager                                                        
@ED.CampaignStep                                                                
@ED.CampaignTreatment                                                           
@ED.CaseActor                                                                   
@ED.CaseAttachment                                                              

'@'||KEYSET||'.'||KEYNAME                                                       
--------------------------------------------------------------------------------
@ED.CaseClosedFactMonitor                                                       
@ED.CaseContacts                                                                
@ED.CaseCreatedFactMonitor                                                      
@ED.CaseFileUploadField                                                         
@ED.CaseFileUploadFieldProperties                                               
@ED.CaseHandling                                                                
@ED.CaseInteractionFactMonitor                                                  
@ED.CaseInternalWork                                                            
@ED.CaseLink                                                                    
@ED.CaseLinkType                                                                
@ED.CaseNote                                                                    

'@'||KEYSET||'.'||KEYNAME                                                       
--------------------------------------------------------------------------------
@ED.CaseOpenMonitor                                                             
@ED.CaseSLABreachedFactMonitor                                                  
@ED.CaseStateFactMonitor                                                        
@ED.CaseStateMonitor                                                            
@ED.CaseType                                                                    
@ED.CaseTypeCategory                                                            
@ED.CaseTypeConditionBuilderManager                                             
@ED.CaseTypeDataProvider                                                        
@ED.CaseTypePlaceholder                                                         
@ED.CaseTypePlaceholderExpander                                                 
@ED.CaseTypeSLA                                                                 

'@'||KEYSET||'.'||KEYNAME                                                       
--------------------------------------------------------------------------------
@ED.Category                                                                    
@ED.ChangeStateActionED                                                         
@ED.Channel                                                                     
@ED.ChannelAllocationConfig                                                     
@ED.ChannelAllocationGroup                                                      
@ED.ChannelConfig                                                               
@ED.ChannelInteractionED                                                        
@ED.ChannelMenuAdmin                                                            
@ED.ChannelPollingConfig                                                        
@ED.ChannelPollingProperties                                                    
@ED.ChannelTimerManager                                                         

'@'||KEYSET||'.'||KEYNAME                                                       
--------------------------------------------------------------------------------
@ED.ChatEstablished                                                             
@ED.ChatFailed                                                                  
@ED.ChatIdle                                                                    
@ED.ChatInteractionFactMonitor                                                  
@ED.ChatRinging                                                                 
@ED.ChatState                                                                   
@ED.ChatStateMachine                                                            
@ED.CheckboxGroup                                                               
@ED.CheckboxGroupValue                                                          
@ED.CitizenService                                                              
@ED.Claims                                                                      

'@'||KEYSET||'.'||KEYNAME                                                       
--------------------------------------------------------------------------------
@ED.ClauseFactory                                                               
@ED.ClauseValueFactory                                                          
@ED.ClientCapability                                                            
@ED.ClobDynamicEntityValue                                                      
@ED.CobrowseConfig                                                              
@ED.CobrowseInteraction                                                         
@ED.CobrowseStateManager                                                        
@ED.Complaint                                                                   
@ED.ComplaintSubmission                                                         
@ED.ComponentTypeED                                                             
@ED.Condition                                                                   

'@'||KEYSET||'.'||KEYNAME                                                       
--------------------------------------------------------------------------------
@ED.ConditionActionMap                                                          
@ED.ConditionHelperType                                                         
@ED.ConditionType                                                               
@ED.ConditionalAction                                                           
@ED.Contact                                                                     
@ED.ContactCentre                                                               
@ED.ContactDetailsED                                                            
@ED.ContactHistoryEntitiyDefinition                                             
@ED.ContactOutcomeConfig                                                        
@ED.ContactTableComponent                                                       
@ED.ContactTableContactEntry                                                    

'@'||KEYSET||'.'||KEYNAME                                                       
--------------------------------------------------------------------------------
@ED.ContactTableWebLinkEntry                                                    
@ED.ContactThread                                                               
@ED.Content                                                                     
@ED.ContentAuthoringImage                                                       
@ED.ContentAuthoringWorkItem                                                    
@ED.ContentAuthoringWorkflow                                                    
@ED.ContentBookmark                                                             
@ED.ContentCategory                                                             
@ED.ContentComponent                                                            
@ED.ContentDimensionMonitor                                                     
@ED.ContentExportDataProvider                                                   

'@'||KEYSET||'.'||KEYNAME                                                       
--------------------------------------------------------------------------------
@ED.ContentFeature                                                              
@ED.ContentFeedback                                                             
@ED.ContentFeedbackConfig                                                       
@ED.ContentFeedbackOutcome                                                      
@ED.ContentFeedbackRouting                                                      
@ED.ContentFeedbackWorkItem                                                     
@ED.ContentFormat                                                               
@ED.ContentFormatMapping                                                        
@ED.ContentInteraction                                                          
@ED.ContentInteractionHistory                                                   
@ED.ContentList                                                                 

'@'||KEYSET||'.'||KEYNAME                                                       
--------------------------------------------------------------------------------
@ED.ContentParameterIndexing                                                    
@ED.ContentRating                                                               
@ED.ContentRatingFactMonitor                                                    
@ED.ContentRatingInfo                                                           
@ED.ContentSentiment                                                            
@ED.ContentShareConfig                                                          
@ED.ContentSource                                                               
@ED.ContentSourceAdmin                                                          
@ED.ContentSourceAdminFS                                                        
@ED.ContentSourceAdminSP                                                        
@ED.ContentSourceAdminWS                                                        

'@'||KEYSET||'.'||KEYNAME                                                       
--------------------------------------------------------------------------------
@ED.ContentSourceProperties                                                     
@ED.ContentSourcePropertiesFS                                                   
@ED.ContentSourcePropertiesSP                                                   
@ED.ContentSourcePropertiesWS                                                   
@ED.ContentSourceReport                                                         
@ED.ContentSourceType                                                           
@ED.ContentType                                                                 
@ED.ContentView                                                                 
@ED.ContentViewCount                                                            
@ED.ContentViewFactMonitor                                                      
@ED.Context                                                                     

'@'||KEYSET||'.'||KEYNAME                                                       
--------------------------------------------------------------------------------
@ED.ContextBrowser                                                              
@ED.ContextConfig                                                               
@ED.ContextPlaceholder                                                          
@ED.CoreTemplate                                                                
@ED.CoreTemplateCategory                                                        
@ED.CoreWebUrl                                                                  
@ED.CounterServiceEventFactory                                                  
@ED.CounterServicePublishEvent                                                  
@ED.Credential                                                                  
@ED.Customer                                                                    
@ED.DataDictionaryFieldHolder                                                   

'@'||KEYSET||'.'||KEYNAME                                                       
--------------------------------------------------------------------------------
@ED.DataExporter                                                                
@ED.DataImporter                                                                
@ED.DateField                                                                   
@ED.DateFieldProperties                                                         
@ED.DateHelperType                                                              
@ED.DateTimeField                                                               
@ED.DateTimeFieldProperties                                                     
@ED.DateTimeViewFieldProperties                                                 
@ED.DateTypeCondition                                                           
@ED.DecimalHelperType                                                           
@ED.DecisionTreeBreadcrumb                                                      

'@'||KEYSET||'.'||KEYNAME                                                       
--------------------------------------------------------------------------------
@ED.DefaultEntitlementManager                                                   
@ED.DefaultImplicitTagManager                                                   
@ED.DefaultRootContextCreator                                                   
@ED.DefaultWorkingHoursCalendar                                                 
@ED.Defect                                                                      
@ED.DeployED                                                                    
@ED.Desktop                                                                     
@ED.DesktopMenu                                                                 
@ED.DesktopStateManager                                                         
@ED.DiallerCallback                                                             
@ED.DiallerConfig                                                               

'@'||KEYSET||'.'||KEYNAME                                                       
--------------------------------------------------------------------------------
@ED.DiallerRecord                                                               
@ED.DiallerStateManager                                                         
@ED.DiallerTelephoneCall                                                        
@ED.DirectoryExportWriter                                                       
@ED.DirectoryImportReader                                                       
@ED.DiscoverablePageSet                                                         
@ED.DiscoveryED                                                                 
@ED.DiscoveryGroupED                                                            
@ED.DisplayMessage                                                              
@ED.Displayable3PDForm                                                          
@ED.DisplayableDefect                                                           

'@'||KEYSET||'.'||KEYNAME                                                       
--------------------------------------------------------------------------------
@ED.DisplayablePowerOnIncident                                                  
@ED.DoNothingAction                                                             
@ED.DocumentWriter                                                              
@ED.DomainDataProvider                                                          
@ED.DropdownComponent                                                           
@ED.DuplicateCheckParams                                                        
@ED.DynamicContent                                                              
@ED.DynamicContentAnchor                                                        
@ED.DynamicContentCase                                                          
@ED.DynamicContentComment                                                       
@ED.DynamicContentIndex                                                         

'@'||KEYSET||'.'||KEYNAME                                                       
--------------------------------------------------------------------------------
@ED.DynamicContentIndexer                                                       
@ED.DynamicContentLink                                                          
@ED.DynamicEntitiesMenu                                                         
@ED.DynamicEntityDefinitionConfig                                               
@ED.DynamicEntityDefinitionED                                                   
@ED.DynamicEntityPageSetView                                                    
@ED.DynamicEntityValue                                                          
@ED.DynamicEntityView                                                           
@ED.DynamicObject                                                               
@ED.DynamicVerbListConfig                                                       
@ED.EIQuery                                                                     

'@'||KEYSET||'.'||KEYNAME                                                       
--------------------------------------------------------------------------------
@ED.ENTITY_NAME                                                                 
@ED.EditDataDictionary                                                          
@ED.EditableDocument                                                            
@ED.Email                                                                       
@ED.EmailAction                                                                 
@ED.EmailAddressED                                                              
@ED.EmailAttachment                                                             
@ED.EmailCategoryED                                                             
@ED.EmailConfig                                                                 
@ED.EmailContactDetail                                                          
@ED.EmailFeedbackNotification                                                   

'@'||KEYSET||'.'||KEYNAME                                                       
--------------------------------------------------------------------------------
@ED.EmailForm                                                                   
@ED.EmailGateway                                                                
@ED.EmailIndex                                                                  
@ED.EmailIndexEntry                                                             
@ED.EmailMenuAdmin                                                              
@ED.EmailRouter                                                                 
@ED.EmailRouting                                                                
@ED.EmailRoutingRule                                                            
@ED.EmailSearch                                                                 
@ED.EmailTemplate                                                               
@ED.EmailTemplateCategory                                                       

'@'||KEYSET||'.'||KEYNAME                                                       
--------------------------------------------------------------------------------
@ED.EmailWorkType                                                               
@ED.EmbeddedSite                                                                
@ED.EmbeddedSiteComponent                                                       
@ED.EmbeddedSiteParameter                                                       
@ED.Entitlement                                                                 
@ED.EntitlementManager                                                          
@ED.Entity                                                                      
@ED.EntityBatchLock                                                             
@ED.EntityDefRuleSetMapping                                                     
@ED.EntityDefinition                                                            
@ED.EntityEditorError                                                           

'@'||KEYSET||'.'||KEYNAME                                                       
--------------------------------------------------------------------------------
@ED.EntityFieldComponent                                                        
@ED.EntityKeyword                                                               
@ED.EntityProperties                                                            
@ED.EntityState                                                                 
@ED.EntityStatus                                                                
@ED.EntityVerbPair                                                              
@ED.EntityViewComponent                                                         
@ED.Environmentable                                                             
@ED.EventPublisher                                                              
@ED.ExitCode                                                                    
@ED.ExitCodeAction                                                              

'@'||KEYSET||'.'||KEYNAME                                                       
--------------------------------------------------------------------------------
@ED.ExitCodeCaseAction                                                          
@ED.ExitCodePersistenceAction                                                   
@ED.ExitCodeWrapupAction                                                        
@ED.ExitPageSetAction                                                           
@ED.ExpandableEnd                                                               
@ED.ExpandableStart                                                             
@ED.ExportFactory                                                               
@ED.ExternalSecurityDetails                                                     
@ED.FAQ                                                                         
@ED.FCRFactMonitor                                                              
@ED.FeaturedContent                                                             

'@'||KEYSET||'.'||KEYNAME                                                       
--------------------------------------------------------------------------------
@ED.FeedbackCode                                                                
@ED.FeedbackOutcomeCode                                                         
@ED.FieldAssociationType                                                        
@ED.FieldCase                                                                   
@ED.FieldDescriptorED                                                           
@ED.FieldED                                                                     
@ED.FieldProperties                                                             
@ED.FieldTypeED                                                                 
@ED.FieldTypeMapping                                                            
@ED.File                                                                        
@ED.FileImportReader                                                            

'@'||KEYSET||'.'||KEYNAME                                                       
--------------------------------------------------------------------------------
@ED.FileUploadField                                                             
@ED.FileUploadFieldProperties                                                   
@ED.FindReplaceController                                                       
@ED.FindReplaceControllerConfig                                                 
@ED.FindReplaceControllerConfigAction                                           
@ED.FindReplaceControllerContent                                                
@ED.FindReplaceControllerContentDetails                                         
@ED.FindReplaceControllerDetails                                                
@ED.Flag                                                                        
@ED.FormEditor                                                                  
@ED.FormEditorComponentType                                                     

'@'||KEYSET||'.'||KEYNAME                                                       
--------------------------------------------------------------------------------
@ED.FrameworkBaseCase                                                           
@ED.Gender                                                                      
@ED.HelpDeskApplicationQuestionnaire                                            
@ED.HelpDeskCase                                                                
@ED.Homepage                                                                    
@ED.HomepageAssignment                                                          
@ED.HomepageItem                                                                
@ED.ImageButtonComponent                                                        
@ED.ImplicitTagManager                                                          
@ED.Index                                                                       
@ED.IndexEntry                                                                  

'@'||KEYSET||'.'||KEYNAME                                                       
--------------------------------------------------------------------------------
@ED.IndexField                                                                  
@ED.IndexFields                                                                 
@ED.IndexProvider                                                               
@ED.InsertContentKnowledgeAction                                                
@ED.InsertLinkKnowledgeAction                                                   
@ED.Inspection                                                                  
@ED.InsuranceApplication                                                        
@ED.IntegCall                                                                   
@ED.IntegerField                                                                
@ED.IntegerFieldProperties                                                      
@ED.IntegerHelperType                                                           

'@'||KEYSET||'.'||KEYNAME                                                       
--------------------------------------------------------------------------------
@ED.IntegerTypeCondition                                                        
@ED.InteractionAssociation                                                      
@ED.InteractionFactMonitor                                                      
@ED.InteractionFlow                                                             
@ED.InteractionFlowsBaseTelephonyStateManager                                   
@ED.InteractionSummaryFactMonitor                                               
@ED.Interchanger                                                                
@ED.InternalWork                                                                
@ED.InternalWorkItem                                                            
@ED.Issues                                                                      
@ED.Item                                                                        

'@'||KEYSET||'.'||KEYNAME                                                       
--------------------------------------------------------------------------------
@ED.JSONEntityDeserialiser                                                      
@ED.JSONEntitySerialiser                                                        
@ED.JSONService                                                                 
@ED.JarExportWriter                                                             
@ED.JarImportReader                                                             
@ED.KIPSearch                                                                   
@ED.KIPSearchWidget                                                             
@ED.KeywordED                                                                   
@ED.KnowledgeAlert                                                              
@ED.KnowledgeArticle                                                            
@ED.KnowledgeCentreMultiMonitorListenerED                                       

'@'||KEYSET||'.'||KEYNAME                                                       
--------------------------------------------------------------------------------
@ED.KnowledgeContext                                                            
@ED.KnowledgeContextNotifier                                                    
@ED.KnowledgeContextServiceListener                                             
@ED.KnowledgeFAQ                                                                
@ED.KnowledgeGapFactMonitor                                                     
@ED.KnowledgeQuery                                                              
@ED.KnowledgeSearch                                                             
@ED.KnowledgeSegment                                                            
@ED.KnowledgeUpload                                                             
@ED.KnowledgeVerbHandler                                                        
@ED.LOBED                                                                       

'@'||KEYSET||'.'||KEYNAME                                                       
--------------------------------------------------------------------------------
@ED.LayoutTypeED                                                                
@ED.Licensing                                                                   
@ED.LiveChatLaunchIdentifier                                                    
@ED.Locale                                                                      
@ED.LocaleConfig                                                                
@ED.Location                                                                    
@ED.LocationField                                                               
@ED.LocationFieldProperties                                                     
@ED.LocationObject                                                              
@ED.LogicalOperatorQueryMapping                                                 
@ED.MPAN                                                                        

'@'||KEYSET||'.'||KEYNAME                                                       
--------------------------------------------------------------------------------
@ED.MakeCallAction                                                              
@ED.MasterProcess                                                               
@ED.MedicalDiagnosis                                                            
@ED.Menu                                                                        
@ED.MenuItem                                                                    
@ED.Message                                                                     
@ED.MetaDataProvider                                                            
@ED.MigratableEntity                                                            
@ED.MigrationTemplateGenerator                                                  
@ED.MigrationUtil                                                               
@ED.MortgageApplication                                                         

'@'||KEYSET||'.'||KEYNAME                                                       
--------------------------------------------------------------------------------
@ED.MultiValueHelperType                                                        
@ED.MyCaseType                                                                  
@ED.MyCustomer                                                                  
@ED.NavigateAction                                                              
@ED.NavigateCaseAction                                                          
@ED.NoBreadcrumb                                                                
@ED.NoLinkAction                                                                
@ED.NoteEntityDefinition                                                        
@ED.ObjectField                                                                 
@ED.OfflineInteraction                                                          
@ED.OpenCase                                                                    

'@'||KEYSET||'.'||KEYNAME                                                       
--------------------------------------------------------------------------------
@ED.OpenWebLinkAction                                                           
@ED.OpenWebLinkWithLOBAction                                                    
@ED.Operand                                                                     
@ED.Operator                                                                    
@ED.OrganisationMenu                                                            
@ED.OutboundTelephonyCampaignTreatment                                          
@ED.OutcomeCodes                                                                
@ED.PSDocumentWriter                                                            
@ED.Page                                                                        
@ED.PageConditionBuilderManager                                                 
@ED.PageData                                                                    

'@'||KEYSET||'.'||KEYNAME                                                       
--------------------------------------------------------------------------------
@ED.PagePlaceholder                                                             
@ED.PagePlaceholderExpander                                                     
@ED.PageSet                                                                     
@ED.PageSetConfig                                                               
@ED.PageSetContent                                                              
@ED.PageSetContentType                                                          
@ED.PageSetData                                                                 
@ED.PageSetEngine                                                               
@ED.PageSetIndexer                                                              
@ED.PageText                                                                    
@ED.PageTypeED                                                                  

'@'||KEYSET||'.'||KEYNAME                                                       
--------------------------------------------------------------------------------
@ED.Panel                                                                       
@ED.Parameter                                                                   
@ED.ParseableActionEmail                                                        
@ED.Payment                                                                     
@ED.PaymentField                                                                
@ED.PaymentFieldProperties                                                      
@ED.PaymentGateway                                                              
@ED.Permitting                                                                  
@ED.PersistableEntity                                                           
@ED.Person                                                                      
@ED.Perspective                                                                 

'@'||KEYSET||'.'||KEYNAME                                                       
--------------------------------------------------------------------------------
@ED.PerspectiveLauncher                                                         
@ED.PhoneNumberED                                                               
@ED.Phrase                                                                      
@ED.Phrases                                                                     
@ED.Pipeline                                                                    
@ED.Plugin                                                                      
@ED.Point                                                                       
@ED.PointField                                                                  
@ED.PointFieldProperties                                                        
@ED.PopdownCombo                                                                
@ED.PopupPlaceholder                                                            

'@'||KEYSET||'.'||KEYNAME                                                       
--------------------------------------------------------------------------------
@ED.PopupText                                                                   
@ED.PortTypeFactory                                                             
@ED.Position                                                                    
@ED.PowerOnReport                                                               
@ED.PreExtendContentRatingInfo                                                  
@ED.PreExtendedBaseCustomer                                                     
@ED.PreExtendedContentBookmark                                                  
@ED.PreExtendedContentFeedback                                                  
@ED.PreExtendedContentViewCount                                                 
@ED.PreExtendedRequestAnswerWorkItem                                            
@ED.ProcessComponent                                                            

'@'||KEYSET||'.'||KEYNAME                                                       
--------------------------------------------------------------------------------
@ED.ProcessDescriptor                                                           
@ED.ProcessDescriptorReference                                                  
@ED.ProcessEntityView                                                           
@ED.ProcessTypeAction                                                           
@ED.ProfileType                                                                 
@ED.ProfileTypeList                                                             
@ED.ProximityDuplicateChecker                                                   
@ED.QualityAssuranceProvider                                                    
@ED.QualityAssuranceWork                                                        
@ED.Query                                                                       
@ED.QueryFieldFactory                                                           

'@'||KEYSET||'.'||KEYNAME                                                       
--------------------------------------------------------------------------------
@ED.Queue                                                                       
@ED.QueueEntry                                                                  
@ED.QueueReference                                                              
@ED.QueueService                                                                
@ED.QueueWaitTime                                                               
@ED.QueuedCallbackType                                                          
@ED.QueuedCallbackWorkItem                                                      
@ED.QueuedCaseType                                                              
@ED.QueuedEmailTemplate                                                         
@ED.QueuedEmailType                                                             
@ED.QueuedEmailWorkItem                                                         

'@'||KEYSET||'.'||KEYNAME                                                       
--------------------------------------------------------------------------------
@ED.QueuedSecureMessageTemplate                                                 
@ED.QueuedSecureMessageType                                                     
@ED.QueuedSecureMessageWorkItem                                                 
@ED.QueuedSocialType                                                            
@ED.QueuedSocialWorkItem                                                        
@ED.QueuedSynchronousWorkItem                                                   
@ED.QueuedTextChatTemplate                                                      
@ED.QueuedTextChatType                                                          
@ED.QueuedTextChatWorkItem                                                      
@ED.QueuedWhitemailTemplate                                                     
@ED.QueuedWhitemailType                                                         

'@'||KEYSET||'.'||KEYNAME                                                       
--------------------------------------------------------------------------------
@ED.QueuedWhitemailWorkItem                                                     
@ED.QueuedWorkInfo                                                              
@ED.QueuedWorkType                                                              
@ED.QueuedWorkTypeTemplate                                                      
@ED.RadioButtonGroup                                                            
@ED.RadioButtonGroupValue                                                       
@ED.RatingCalculator                                                            
@ED.ReasonCode                                                                  
@ED.ReassignOwnerTypeAction                                                     
@ED.ReferenceCounter                                                            
@ED.ReferenceInfo                                                               

'@'||KEYSET||'.'||KEYNAME                                                       
--------------------------------------------------------------------------------
@ED.ReferenceInfoComponent                                                      
@ED.RelatedContentField                                                         
@ED.ReleaseAudit                                                                
@ED.RelevanceResolver                                                           
@ED.Report                                                                      
@ED.ReportMenuItem                                                              
@ED.ReportParam                                                                 
@ED.ReportingEventServiceEventFactory                                           
@ED.ReportingManager                                                            
@ED.ReportingPersistenceManager                                                 
@ED.ReportingPool                                                               

'@'||KEYSET||'.'||KEYNAME                                                       
--------------------------------------------------------------------------------
@ED.ReportingUtil                                                               
@ED.ReportsMenu                                                                 
@ED.RequestAnswerWorkItem                                                       
@ED.ReservationResult                                                           
@ED.ResourceMenu                                                                
@ED.RichTextField                                                               
@ED.RichTextFieldProperties                                                     
@ED.RootContextCreator                                                          
@ED.RootMenu                                                                    
@ED.RoutingEntitlement                                                          
@ED.RoutingTarget                                                               

'@'||KEYSET||'.'||KEYNAME                                                       
--------------------------------------------------------------------------------
@ED.RuleAction                                                                  
@ED.RuleActionDefinition                                                        
@ED.RuleActionReassignOwner                                                     
@ED.RuleActionType                                                              
@ED.RuleActionUpdateState                                                       
@ED.RuleCondition                                                               
@ED.RuleDefinition                                                              
@ED.RuleProcedure                                                               
@ED.RuleResult                                                                  
@ED.RuleSet                                                                     
@ED.Rules                                                                       

'@'||KEYSET||'.'||KEYNAME                                                       
--------------------------------------------------------------------------------
@ED.RulesParameterFactory                                                       
@ED.RulesServiceProvider                                                        
@ED.RulesUtil                                                                   
@ED.SESRegionED                                                                 
@ED.SLA                                                                         
@ED.SLAAction                                                                   
@ED.SLADefinition                                                               
@ED.SLANotificationEmail                                                        
@ED.SLANotificationEmailAttachmentED                                            
@ED.SLAStateListener                                                            
@ED.SMCustomFields                                                              

'@'||KEYSET||'.'||KEYNAME                                                       
--------------------------------------------------------------------------------
@ED.SPENCaseTypeED                                                              
@ED.SPENSimpleCaseTypeED                                                        
@ED.Scheduler                                                                   
@ED.ScreenNodeMapping                                                           
@ED.ScriptDesigner                                                              
@ED.ScriptPageUsageFactMonitor                                                  
@ED.ScriptUsageFactMonitor                                                      
@ED.ScriptingMenu                                                               
@ED.SearchControlData                                                           
@ED.SearchFactMonitor                                                           
@ED.SearchFilter                                                                

'@'||KEYSET||'.'||KEYNAME                                                       
--------------------------------------------------------------------------------
@ED.SearchFilterGroup                                                           
@ED.SearchParameter                                                             
@ED.SearchProvider                                                              
@ED.SearchSchedule                                                              
@ED.SearchScheduleReport                                                        
@ED.SearchTrigger                                                               
@ED.SectionContentField                                                         
@ED.SecureMessage                                                               
@ED.SecureMessageConfig                                                         
@ED.SegmentContentField                                                         
@ED.SelectTagsConfig                                                            

'@'||KEYSET||'.'||KEYNAME                                                       
--------------------------------------------------------------------------------
@ED.SelectionPolicy                                                             
@ED.SendEmailAction                                                             
@ED.Service                                                                     
@ED.ServiceAdminED                                                              
@ED.ServiceParameterValidator                                                   
@ED.SharedPageFragment                                                          
@ED.SharedPageFragmentComponent                                                 
@ED.SharedPageFragmentVirtualEnvironment                                        
@ED.SimpleCaseType                                                              
@ED.SimpleEmailAddress                                                          
@ED.SingleSignOn                                                                

'@'||KEYSET||'.'||KEYNAME                                                       
--------------------------------------------------------------------------------
@ED.SingleValueHelperType                                                       
@ED.SoapServiceEventFactory                                                     
@ED.SocialConfig                                                                
@ED.SocialContactHistoryGrouping                                                
@ED.SocialMessage                                                               
@ED.SocialMessageFacebook                                                       
@ED.SocialMessageTwitter                                                        
@ED.SocialProfile                                                               
@ED.SocialRoutingRule                                                           
@ED.SocialUsername                                                              
@ED.SortParameterFactory                                                        

'@'||KEYSET||'.'||KEYNAME                                                       
--------------------------------------------------------------------------------
@ED.SpecialNeed                                                                 
@ED.SpideredContentType                                                         
@ED.StackableBreadcrumb                                                         
@ED.StackedPageSetEngine                                                        
@ED.StandardPersistableEntity                                                   
@ED.StartChannelStateManager                                                    
@ED.State                                                                       
@ED.StateActionDefinition                                                       
@ED.StateConditionDefinition                                                    
@ED.StateConditionLogic                                                         
@ED.StateDefinition                                                             

'@'||KEYSET||'.'||KEYNAME                                                       
--------------------------------------------------------------------------------
@ED.StopWord                                                                    
@ED.StopWords                                                                   
@ED.StringField                                                                 
@ED.StringFieldProperties                                                       
@ED.StringHelperType                                                            
@ED.StringTypeCondition                                                         
@ED.SubCaseAssociationType                                                      
@ED.SubscriptComponent                                                          
@ED.SubscriptionManager                                                         
@ED.SynchronousActionableDashboard                                              
@ED.Synonym                                                                     

'@'||KEYSET||'.'||KEYNAME                                                       
--------------------------------------------------------------------------------
@ED.SynonymSet                                                                  
@ED.SynonymSets                                                                 
@ED.SystemManager                                                               
@ED.Tag                                                                         
@ED.TagDisplayName                                                              
@ED.TagDisplayNameType                                                          
@ED.TagLocaleAssociation                                                        
@ED.TagPlaceholder                                                              
@ED.TagSet                                                                      
@ED.TagSetComponent                                                             
@ED.TagSetControlOptions                                                        

'@'||KEYSET||'.'||KEYNAME                                                       
--------------------------------------------------------------------------------
@ED.TagSetControlOptionsFactory                                                 
@ED.TagSetDynamicValue                                                          
@ED.TagSetFieldProperties                                                       
@ED.TagSetSelection                                                             
@ED.TagSetSelectionField                                                        
@ED.TagSetSelectionManagement                                                   
@ED.TagSetSelectionMultiSelectHelperType                                        
@ED.TagSetSelectionSingleSelectHelperType                                       
@ED.TagSetViewFieldProperties                                                   
@ED.TaskFilter                                                                  
@ED.Team                                                                        

'@'||KEYSET||'.'||KEYNAME                                                       
--------------------------------------------------------------------------------
@ED.TeamAvailability                                                            
@ED.TeamRole                                                                    
@ED.TeamRoleType                                                                
@ED.TelephoneCall                                                               
@ED.TelephoneCallDialog                                                         
@ED.TelephoneContactDetail                                                      
@ED.TelephonyCapabilities                                                       
@ED.TelephonyConfig                                                             
@ED.TelephonyStateManager                                                       
@ED.Template                                                                    
@ED.TemplateCaseType                                                            

'@'||KEYSET||'.'||KEYNAME                                                       
--------------------------------------------------------------------------------
@ED.TemplateCaseTypeCategory                                                    
@ED.TemplateCaseTypeDataProvider                                                
@ED.TemplateFavourite                                                           
@ED.TemplateIndex                                                               
@ED.TemplateIndexEntry                                                          
@ED.TemplateUsageMonitor                                                        
@ED.TestPreNavEntity                                                            
@ED.TextChatCapabilities                                                        
@ED.TextChatConfig                                                              
@ED.TextChatCustomerData                                                        
@ED.TextChatEstablished                                                         

'@'||KEYSET||'.'||KEYNAME                                                       
--------------------------------------------------------------------------------
@ED.TextChatFailed                                                              
@ED.TextChatIdle                                                                
@ED.TextChatInteraction                                                         
@ED.TextChatMessage                                                             
@ED.TextChatMessageStyler                                                       
@ED.TextChatRinging                                                             
@ED.TextChatState                                                               
@ED.TextChatStateMachine                                                        
@ED.TextChatStateManager                                                        
@ED.TextChatSupervisorInteraction                                               
@ED.TextChatTestHarness                                                         

'@'||KEYSET||'.'||KEYNAME                                                       
--------------------------------------------------------------------------------
@ED.TextChatTranscript                                                          
@ED.TextInputLarge                                                              
@ED.TextInputSmall                                                              
@ED.TextStateManager                                                            
@ED.ThirdPartDamageDetails                                                      
@ED.ThirdPartyDamageDetails                                                     
@ED.ThirdPartyDamageForm                                                        
@ED.TieredContext                                                               
@ED.TimeField                                                                   
@ED.TimeFieldProperties                                                         
@ED.TimeSlot                                                                    

'@'||KEYSET||'.'||KEYNAME                                                       
--------------------------------------------------------------------------------
@ED.TimeSlotEntry                                                               
@ED.TimeSlotField                                                               
@ED.TimeSlotFieldProperties                                                     
@ED.TimeSlotType                                                                
@ED.TimeSlotTypeConfig                                                          
@ED.TimeViewFieldProperties                                                     
@ED.TimeZone                                                                    
@ED.TimerConfig                                                                 
@ED.Title                                                                       
@ED.TranslationDataImporter                                                     
@ED.TranslationJarExportWriter                                                  

'@'||KEYSET||'.'||KEYNAME                                                       
--------------------------------------------------------------------------------
@ED.TranslationJarImportReader                                                  
@ED.TranslationProperties                                                       
@ED.TranslationUtil                                                             
@ED.TriggerFactory                                                              
@ED.TypeDataProvider                                                            
@ED.TypePersistenceListener                                                     
@ED.URLField                                                                    
@ED.URLFieldProperties                                                          
@ED.URLNoShorteningService                                                      
@ED.URLShortener                                                                
@ED.URLShortenerBitly                                                           

'@'||KEYSET||'.'||KEYNAME                                                       
--------------------------------------------------------------------------------
@ED.URLShortenerGoogle                                                          
@ED.URLShortenerIsGd                                                            
@ED.UpdateStateTypeAction                                                       
@ED.User                                                                        
@ED.UserRole                                                                    
@ED.Verb                                                                        
@ED.VerbAudit                                                                   
@ED.VerbHistory                                                                 
@ED.VerbMetric                                                                  
@ED.VersionableEntity                                                           
@ED.ViewED                                                                      

'@'||KEYSET||'.'||KEYNAME                                                       
--------------------------------------------------------------------------------
@ED.ViewFieldED                                                                 
@ED.ViewFieldProperties                                                         
@ED.VirtualEnvironment                                                          
@ED.WebInteraction                                                              
@ED.WebLink                                                                     
@ED.WebLinkComponent                                                            
@ED.WebLinkED                                                                   
@ED.WebLinkWithLOB                                                              
@ED.WebLinkWithLOBComponent                                                     
@ED.WebSite                                                                     
@ED.Whitemail                                                                   

'@'||KEYSET||'.'||KEYNAME                                                       
--------------------------------------------------------------------------------
@ED.WhitemailAttributes                                                         
@ED.WhitemailConfig                                                             
@ED.Widget                                                                      
@ED.WorkAuditor                                                                 
@ED.WorkAuditorEventFactory                                                     
@ED.WorkAuditorListenerFactory                                                  
@ED.WorkDeliveryResult                                                          
@ED.WorkDistributor                                                             
@ED.WorkItem                                                                    
@ED.WorkItemActionFactMonitor                                                   
@ED.WorkItemAssigneeFactMonitor                                                 

'@'||KEYSET||'.'||KEYNAME                                                       
--------------------------------------------------------------------------------
@ED.WorkItemContent                                                             
@ED.WorkItemCreatedFactMonitor                                                  
@ED.WorkItemDashboardFactMonitor                                                
@ED.WorkItemHandlingFactMonitor                                                 
@ED.WorkItemInteractionFactMonitor                                              
@ED.WorkItemQueueHistoryFactMonitor                                             
@ED.WorkItemRouting                                                             
@ED.WorkItemSLABreachedFactMonitor                                              
@ED.WorkItemStateFactMonitor                                                    
@ED.WorkItemStateManager                                                        
@ED.WorkItemStatusSummaryFactMonitor                                            

'@'||KEYSET||'.'||KEYNAME                                                       
--------------------------------------------------------------------------------
@ED.WorkItemSubmittedFactMonitor                                                
@ED.WorkItemThroughput                                                          
@ED.WorkList                                                                    
@ED.WorkListSearchParameters                                                    
@ED.WorkRouter                                                                  
@ED.WorkTracker                                                                 
@ED.WorkType                                                                    
@ED.WorkWidget                                                                  
@ED.WorkWidgetProperty                                                          
@ED.WorkingHoursCalendar                                                        
@ED.WorkingHoursCalendarDetail                                                  

'@'||KEYSET||'.'||KEYNAME                                                       
--------------------------------------------------------------------------------
@ED.WorkingHoursCalendarHoliday                                                 
@ED.WorkingHoursCalendarsMenuAdmin                                              
@ED.WrongCustomer                                                               
@ED.ZipImportReader                                                             

840 rows selected.

SQL> spool off
